# serializer version: 1
# name: test_job
  list([
    Row(
      'SP',
      'perfumaria',
      Decimal('58.90'),
      1,
    ),
  ])
# ---
